---
source: src/regression_tests/format.rs
description: "''\n  ${lib.concatMapStringsSep \"n\" (\n    e: \"ln -sfn ${e}/share/vscode/extensions/aaaa/bbb/ccc/dddd\"\n  ) nixExtsDrvs}\n''"
---
''
  ${lib.concatMapStringsSep "n" (
    e: "ln -sfn ${e}/share/vscode/extensions/aaaa/bbb/ccc/dddd"
  ) nixExtsDrvs}
''
